// Jest Snapshot v1, https://goo.gl/fbAQLP

exports[`Should render a NotFoundPage correctly 1`] = `
<div>
  404!! - 
  <Link
    replace={false}
    to="/"
  >
    Go Home
  </Link>
</div>
`;
